// Jest Snapshot v1, https://goo.gl/fbAQLP

exports[`Cables page renders correctly 1`] = `
<div
  className="pageContainer"
>
  <div
    className="topBlock"
  >
    <button
      className="backButton"
      onClick={[Function]}
      type="button"
    >
      &lt;- Go Back
    </button>
  </div>
  <div
    className="listContainer"
  >
    <div
      className="listHeader"
    >
      <h2>
         Cable types 
      </h2>
    </div>
    <div
      className="listBody"
    >
      <div
        className="container"
      >
        <div
          className="headerContainer"
        >
          <div
            className="columnTitle"
          >
            <span>
              ID
            </span>
          </div>
          <div
            className="columnTitle"
          >
            <span>
              Manufacturer
            </span>
          </div>
          <div
            className="columnTitle"
          >
            <span>
              Diameter
            </span>
          </div>
        </div>
        <div
          className="divider"
        />
      </div>
      <div
        className="paginationContainer"
      >
        <button
          className="buttonNav"
          disabled={true}
          onClick={[Function]}
        >
          &lt;-
        </button>
        <span
          className="currentPage"
          data-testid="current-page"
        >
          1
        </span>
      </div>
    </div>
  </div>
</div>
`;

exports[`Cables page renders correctly toMatchSnapshot 1`] = `
<div
  className="pageContainer"
>
  <div
    className="topBlock"
  >
    <button
      className="backButton"
      onClick={[Function]}
      type="button"
    >
      &lt;- Go Back
    </button>
  </div>
  <div
    className="listContainer"
  >
    <div
      className="listHeader"
    >
      <h2>
         Cable types 
      </h2>
    </div>
    <div
      className="listBody"
    >
      <div
        className="container"
      >
        <div
          className="headerContainer"
        >
          <div
            className="columnTitle"
          >
            <span>
              ID
            </span>
          </div>
          <div
            className="columnTitle"
          >
            <span>
              Manufacturer
            </span>
          </div>
          <div
            className="columnTitle"
          >
            <span>
              Diameter
            </span>
          </div>
        </div>
        <div
          className="divider"
        />
      </div>
      <div
        className="paginationContainer"
      >
        <button
          className="buttonNav"
          disabled={true}
          onClick={[Function]}
        >
          &lt;-
        </button>
        <span
          className="currentPage"
          data-testid="current-page"
        >
          1
        </span>
      </div>
    </div>
  </div>
</div>
`;
